// Jest Snapshot v1, https://goo.gl/fbAQLP

exports[`ForecastSummaries renders correctly to match ForecastSummaries snapshot 1`] = `
<DocumentFragment>
  <div
    class="forecast-summaries"
  >
    <div
      class="forecast-summary"
    >
      <div
        class="date"
        data-testid="date-id"
      >
        <span
          class="date"
        >
          Thu 1st Jan
        </span>
      </div>
      <div
        class="temperature"
        data-testid="temperature-id"
      >
        <span>
          999°c
        </span>
      </div>
      <div
        class="description"
        data-testid="description-id"
      >
        date1
      </div>
      <div
        class="icon"
        data-testid="icon-id"
      >
        <i
          class="wi wi-day-storm-showers"
          name="owm"
        />
      </div>
      <button
        class="button"
      >
        More Details
      </button>
    </div>
    <div
      class="forecast-summary"
    >
      <div
        class="date"
        data-testid="date-id"
      >
        <span
          class="date"
        >
          Thu 1st Jan
        </span>
      </div>
      <div
        class="temperature"
        data-testid="temperature-id"
      >
        <span>
          777°c
        </span>
      </div>
      <div
        class="description"
        data-testid="description-id"
      >
        date2
      </div>
      <div
        class="icon"
        data-testid="icon-id"
      >
        <i
          class="wi wi-day-storm-showers"
          name="owm"
        />
      </div>
      <button
        class="button"
      >
        More Details
      </button>
    </div>
  </div>
</DocumentFragment>
`;
