// Jest Snapshot v1, https://goo.gl/fbAQLP

exports[`ForecastSummary renders correctly 1`] = `
<DocumentFragment>
  <div
    class="forecast-summary"
  >
    <div
      class="date"
      data-testid="date-id"
    >
      <span
        class="date"
      >
        Thu 1st Jan
      </span>
    </div>
    <div
      class="temperature"
      data-testid="temperature-id"
    >
      <span>
        mockTemperatureÂ°c
      </span>
    </div>
    <div
      class="description"
      data-testid="description-id"
    >
      mockDescription
    </div>
    <div
      class="icon"
      data-testid="icon-id"
    >
      <i
        class="wi wi-day-storm-showers"
        name="owm"
      />
    </div>
    <button
      class="button"
    >
      More Details
    </button>
  </div>
</DocumentFragment>
`;
